Archive member included to satisfy reference by file (symbol)

/usr/lib/gcc/arm-none-eabi/9.2.1/libgcc.a(_udivsi3.o)
                              build/stdio.o (__aeabi_uidiv)
/usr/lib/gcc/arm-none-eabi/9.2.1/libgcc.a(_dvmd_tls.o)
                              /usr/lib/gcc/arm-none-eabi/9.2.1/libgcc.a(_udivsi3.o) (__aeabi_idiv0)

Memory Configuration

Name             Origin             Length             Attributes
*default*        0x0000000000000000 0xffffffffffffffff

Linker script and memory map

LOAD build/Entry.os
LOAD build/Main.o
LOAD build/Handler.o
LOAD build/Regs.o
LOAD build/Interrupt.o
LOAD build/Uart.o
LOAD build/Timer.o
LOAD build/stdio.o
LOAD build/armcpu.o
LOAD /usr/lib/gcc/arm-none-eabi/9.2.1/libgcc.a
                0x0000000000000000                . = 0x0

.text           0x0000000000000000      0xf8c
 *(vector_start)
 *(.text .rodata)
 .text          0x0000000000000000       0xd4 build/Entry.os
                0x0000000000000000                vector_start
                0x000000000000003c                vector_end
 .text          0x00000000000000d4      0x130 build/Main.o
                0x00000000000000d4                main
 .rodata        0x0000000000000204       0xa9 build/Main.o
 *fill*         0x00000000000002ad        0x3 
 .text          0x00000000000002b0       0x24 build/Handler.o
                0x00000000000002b0                Irq_Handler
                0x00000000000002cc                Fiq_Handler
 .text          0x00000000000002d4        0x0 build/Regs.o
 .text          0x00000000000002d4      0x2f8 build/Interrupt.o
                0x00000000000002d4                Hal_interrupt_init
                0x0000000000000370                Hal_interrupt_enable
                0x000000000000043c                Hal_interrupt_disable
                0x0000000000000510                Hal_interrupt_register_handler
                0x0000000000000548                Hal_interrupt_run_handler
 .text          0x00000000000005cc      0x1b0 build/Uart.o
                0x00000000000005cc                Hal_uart_init
                0x000000000000066c                Hal_uart_put_char
                0x00000000000006c8                Hal_uart_get_char
 .text          0x000000000000077c      0x1ec build/Timer.o
                0x000000000000077c                Hal_timer_init
 .text          0x0000000000000968      0x454 build/stdio.o
                0x0000000000000968                putstr
                0x00000000000009c8                debug_printf
                0x0000000000000a18                vsprintf
                0x0000000000000c98                utoa
 .rodata        0x0000000000000dbc        0x7 build/stdio.o
 *fill*         0x0000000000000dc3        0x1 
 .text          0x0000000000000dc4       0xb0 build/armcpu.o
                0x0000000000000dc4                enable_irq
                0x0000000000000df0                disable_irq
                0x0000000000000e1c                enable_fiq
                0x0000000000000e48                disable_fiq
 .text          0x0000000000000e74      0x114 /usr/lib/gcc/arm-none-eabi/9.2.1/libgcc.a(_udivsi3.o)
                0x0000000000000e74                __udivsi3
                0x0000000000000e74                __aeabi_uidiv
                0x0000000000000f68                __aeabi_uidivmod
 .text          0x0000000000000f88        0x4 /usr/lib/gcc/arm-none-eabi/9.2.1/libgcc.a(_dvmd_tls.o)
                0x0000000000000f88                __aeabi_ldiv0
                0x0000000000000f88                __aeabi_idiv0

.glue_7         0x0000000000000f8c        0x0
 .glue_7        0x0000000000000f8c        0x0 linker stubs

.glue_7t        0x0000000000000f8c        0x0
 .glue_7t       0x0000000000000f8c        0x0 linker stubs

.vfp11_veneer   0x0000000000000f8c        0x0
 .vfp11_veneer  0x0000000000000f8c        0x0 linker stubs

.v4_bx          0x0000000000000f8c        0x0
 .v4_bx         0x0000000000000f8c        0x0 linker stubs

.iplt           0x0000000000000f8c        0x0
 .iplt          0x0000000000000f8c        0x0 build/Entry.os

.rel.dyn        0x0000000000000f8c        0x0
 .rel.iplt      0x0000000000000f8c        0x0 build/Entry.os

.data           0x0000000000000f8c        0xc
 *(.data)
 .data          0x0000000000000f8c        0x0 build/Entry.os
 .data          0x0000000000000f8c        0x0 build/Main.o
 .data          0x0000000000000f8c        0x0 build/Handler.o
 .data          0x0000000000000f8c        0xc build/Regs.o
                0x0000000000000f8c                Uart
                0x0000000000000f90                GicCpu
                0x0000000000000f94                GicDist
 .data          0x0000000000000f98        0x0 build/Interrupt.o
 .data          0x0000000000000f98        0x0 build/Uart.o
 .data          0x0000000000000f98        0x0 build/Timer.o
 .data          0x0000000000000f98        0x0 build/stdio.o
 .data          0x0000000000000f98        0x0 build/armcpu.o
 .data          0x0000000000000f98        0x0 /usr/lib/gcc/arm-none-eabi/9.2.1/libgcc.a(_udivsi3.o)
 .data          0x0000000000000f98        0x0 /usr/lib/gcc/arm-none-eabi/9.2.1/libgcc.a(_dvmd_tls.o)

.igot.plt       0x0000000000000f98        0x0
 .igot.plt      0x0000000000000f98        0x0 build/Entry.os

.bss            0x0000000000000f98      0x800
 *(.bss)
 .bss           0x0000000000000f98        0x0 build/Entry.os
 .bss           0x0000000000000f98        0x0 build/Main.o
 .bss           0x0000000000000f98        0x0 build/Handler.o
 .bss           0x0000000000000f98        0x0 build/Regs.o
 .bss           0x0000000000000f98      0x3fc build/Interrupt.o
 .bss           0x0000000000001394        0x0 build/Uart.o
 .bss           0x0000000000001394        0x4 build/Timer.o
 .bss           0x0000000000001398      0x400 build/stdio.o
 .bss           0x0000000000001798        0x0 build/armcpu.o
 .bss           0x0000000000001798        0x0 /usr/lib/gcc/arm-none-eabi/9.2.1/libgcc.a(_udivsi3.o)
 .bss           0x0000000000001798        0x0 /usr/lib/gcc/arm-none-eabi/9.2.1/libgcc.a(_dvmd_tls.o)
OUTPUT(build/navilos.axf elf32-littlearm)
LOAD linker stubs

.ARM.attributes
                0x0000000000000000       0x2b
 .ARM.attributes
                0x0000000000000000       0x1d build/Entry.os
 .ARM.attributes
                0x000000000000001d       0x2f build/Main.o
 .ARM.attributes
                0x000000000000004c       0x2f build/Handler.o
 .ARM.attributes
                0x000000000000007b       0x2f build/Regs.o
 .ARM.attributes
                0x00000000000000aa       0x2f build/Interrupt.o
 .ARM.attributes
                0x00000000000000d9       0x2f build/Uart.o
 .ARM.attributes
                0x0000000000000108       0x2f build/Timer.o
 .ARM.attributes
                0x0000000000000137       0x2f build/stdio.o
 .ARM.attributes
                0x0000000000000166       0x2f build/armcpu.o
 .ARM.attributes
                0x0000000000000195       0x1c /usr/lib/gcc/arm-none-eabi/9.2.1/libgcc.a(_udivsi3.o)
 .ARM.attributes
                0x00000000000001b1       0x1c /usr/lib/gcc/arm-none-eabi/9.2.1/libgcc.a(_dvmd_tls.o)

.comment        0x0000000000000000       0x59
 .comment       0x0000000000000000       0x59 build/Main.o
                                         0x5a (size before relaxing)
 .comment       0x0000000000000059       0x5a build/Handler.o
 .comment       0x0000000000000059       0x5a build/Regs.o
 .comment       0x0000000000000059       0x5a build/Interrupt.o
 .comment       0x0000000000000059       0x5a build/Uart.o
 .comment       0x0000000000000059       0x5a build/Timer.o
 .comment       0x0000000000000059       0x5a build/stdio.o
 .comment       0x0000000000000059       0x5a build/armcpu.o

.debug_line     0x0000000000000000      0x733
 .debug_line    0x0000000000000000       0x6d build/Entry.os
 .debug_line    0x000000000000006d       0x92 build/Main.o
 .debug_line    0x00000000000000ff       0x4c build/Handler.o
 .debug_line    0x000000000000014b       0x5d build/Regs.o
 .debug_line    0x00000000000001a8      0x11e build/Interrupt.o
 .debug_line    0x00000000000002c6       0xee build/Uart.o
 .debug_line    0x00000000000003b4       0xd5 build/Timer.o
 .debug_line    0x0000000000000489      0x178 build/stdio.o
 .debug_line    0x0000000000000601       0x67 build/armcpu.o
 .debug_line    0x0000000000000668       0x74 /usr/lib/gcc/arm-none-eabi/9.2.1/libgcc.a(_udivsi3.o)
 .debug_line    0x00000000000006dc       0x57 /usr/lib/gcc/arm-none-eabi/9.2.1/libgcc.a(_dvmd_tls.o)

.debug_info     0x0000000000000000     0x2a66
 .debug_info    0x0000000000000000       0x26 build/Entry.os
 .debug_info    0x0000000000000026      0x100 build/Main.o
 .debug_info    0x0000000000000126       0x82 build/Handler.o
 .debug_info    0x00000000000001a8     0x1047 build/Regs.o
 .debug_info    0x00000000000011ef      0x691 build/Interrupt.o
 .debug_info    0x0000000000001880      0xbcc build/Uart.o
 .debug_info    0x000000000000244c      0x2a4 build/Timer.o
 .debug_info    0x00000000000026f0      0x2bc build/stdio.o
 .debug_info    0x00000000000029ac       0x6e build/armcpu.o
 .debug_info    0x0000000000002a1a       0x26 /usr/lib/gcc/arm-none-eabi/9.2.1/libgcc.a(_udivsi3.o)
 .debug_info    0x0000000000002a40       0x26 /usr/lib/gcc/arm-none-eabi/9.2.1/libgcc.a(_dvmd_tls.o)

.debug_abbrev   0x0000000000000000      0x812
 .debug_abbrev  0x0000000000000000       0x14 build/Entry.os
 .debug_abbrev  0x0000000000000014       0xb0 build/Main.o
 .debug_abbrev  0x00000000000000c4       0x5e build/Handler.o
 .debug_abbrev  0x0000000000000122      0x11a build/Regs.o
 .debug_abbrev  0x000000000000023c      0x19c build/Interrupt.o
 .debug_abbrev  0x00000000000003d8      0x19d build/Uart.o
 .debug_abbrev  0x0000000000000575      0x116 build/Timer.o
 .debug_abbrev  0x000000000000068b      0x131 build/stdio.o
 .debug_abbrev  0x00000000000007bc       0x2e build/armcpu.o
 .debug_abbrev  0x00000000000007ea       0x14 /usr/lib/gcc/arm-none-eabi/9.2.1/libgcc.a(_udivsi3.o)
 .debug_abbrev  0x00000000000007fe       0x14 /usr/lib/gcc/arm-none-eabi/9.2.1/libgcc.a(_dvmd_tls.o)

.debug_aranges  0x0000000000000000      0x158
 .debug_aranges
                0x0000000000000000       0x20 build/Entry.os
 .debug_aranges
                0x0000000000000020       0x20 build/Main.o
 .debug_aranges
                0x0000000000000040       0x20 build/Handler.o
 .debug_aranges
                0x0000000000000060       0x18 build/Regs.o
 .debug_aranges
                0x0000000000000078       0x20 build/Interrupt.o
 .debug_aranges
                0x0000000000000098       0x20 build/Uart.o
 .debug_aranges
                0x00000000000000b8       0x20 build/Timer.o
 .debug_aranges
                0x00000000000000d8       0x20 build/stdio.o
 .debug_aranges
                0x00000000000000f8       0x20 build/armcpu.o
 .debug_aranges
                0x0000000000000118       0x20 /usr/lib/gcc/arm-none-eabi/9.2.1/libgcc.a(_udivsi3.o)
 .debug_aranges
                0x0000000000000138       0x20 /usr/lib/gcc/arm-none-eabi/9.2.1/libgcc.a(_dvmd_tls.o)

.debug_str      0x0000000000000000      0x9c4
 .debug_str     0x0000000000000000       0x37 build/Entry.os
 .debug_str     0x0000000000000037      0x127 build/Main.o
                                        0x163 (size before relaxing)
 .debug_str     0x000000000000015e       0x27 build/Handler.o
                                        0x146 (size before relaxing)
 .debug_str     0x0000000000000185      0x4ce build/Regs.o
                                        0x5fd (size before relaxing)
 .debug_str     0x0000000000000653       0xbb build/Interrupt.o
                                        0x3ea (size before relaxing)
 .debug_str     0x000000000000070e       0x61 build/Uart.o
                                        0x47b (size before relaxing)
 .debug_str     0x000000000000076f      0x120 build/Timer.o
                                        0x272 (size before relaxing)
 .debug_str     0x000000000000088f       0x7c build/stdio.o
                                        0x1be (size before relaxing)
 .debug_str     0x000000000000090b       0x3b build/armcpu.o
                                         0xf1 (size before relaxing)
 .debug_str     0x0000000000000946       0x7e /usr/lib/gcc/arm-none-eabi/9.2.1/libgcc.a(_udivsi3.o)
                                         0x8a (size before relaxing)
 .debug_str     0x00000000000009c4       0x8a /usr/lib/gcc/arm-none-eabi/9.2.1/libgcc.a(_dvmd_tls.o)

.debug_frame    0x0000000000000000      0x3a0
 .debug_frame   0x0000000000000000       0x68 build/Main.o
 .debug_frame   0x0000000000000068       0x50 build/Handler.o
 .debug_frame   0x00000000000000b8       0xb0 build/Interrupt.o
 .debug_frame   0x0000000000000168       0x8c build/Uart.o
 .debug_frame   0x00000000000001f4       0x50 build/Timer.o
 .debug_frame   0x0000000000000244       0xac build/stdio.o
 .debug_frame   0x00000000000002f0       0x90 build/armcpu.o
 .debug_frame   0x0000000000000380       0x20 /usr/lib/gcc/arm-none-eabi/9.2.1/libgcc.a(_udivsi3.o)
